These are short benchmarks - we're running each XXX times so they take about a second 
 user system total real 
bench9000 XXX XXX XXX (XXX) 
