This benchmark set contains blocks that want a number of iterations - running all iterations XXX times 
These are long benchmarks - we're increasing warmup and sample time 
