Warming up -------------------------------------- 
 mul XXX i/100ms 
 pow XXX i/100ms 
 mul XXX i/100ms 
 pow XXX i/100ms 
 mul XXX i/100ms 
 pow XXX i/100ms 
Calculating ------------------------------------- 
 mul XXX (XXX%) i/s - XXX in XXX 
 pow XXX (XXX%) i/s - XXX in XXX 
 mul XXX (XXX%) i/s - XXX in XXX 
 pow XXX (XXX%) i/s - XXX in XXX 
 mul XXX (XXX%) i/s - XXX in XXX 
 pow XXX (XXX%) i/s - XXX in XXX 
 
Comparison: 
 XXX
 
