These are short benchmarks - we're running each XXX times so they take about a second 
 user system total real 
mul XXX XXX XXX (XXX) 
pow XXX XXX XXX (XXX) 
